09-Jul-2025 20:55:32.782 INFO [main] org.apache.catalina.startup.VersionLoggerListener.log Server version name:   Apache Tomcat/11.0.9
09-Jul-2025 20:55:32.795 INFO [main] org.apache.catalina.startup.VersionLoggerListener.log Server built:          Jul 1 2025 20:39:04 UTC
09-Jul-2025 20:55:32.799 INFO [main] org.apache.catalina.startup.VersionLoggerListener.log Server version number: 11.0.9.0
09-Jul-2025 20:55:32.799 INFO [main] org.apache.catalina.startup.VersionLoggerListener.log OS Name:               Windows 11
09-Jul-2025 20:55:32.799 INFO [main] org.apache.catalina.startup.VersionLoggerListener.log OS Version:            10.0
09-Jul-2025 20:55:32.801 INFO [main] org.apache.catalina.startup.VersionLoggerListener.log Architecture:          amd64
09-Jul-2025 20:55:32.801 INFO [main] org.apache.catalina.startup.VersionLoggerListener.log Java Home:             C:\Program Files\Java\jdk-23
09-Jul-2025 20:55:32.802 INFO [main] org.apache.catalina.startup.VersionLoggerListener.log JVM Version:           23.0.2+7-58
09-Jul-2025 20:55:32.803 INFO [main] org.apache.catalina.startup.VersionLoggerListener.log JVM Vendor:            Oracle Corporation
09-Jul-2025 20:55:32.804 INFO [main] org.apache.catalina.startup.VersionLoggerListener.log CATALINA_BASE:         D:\java\Shopping-web\conf\Catalina
09-Jul-2025 20:55:32.805 INFO [main] org.apache.catalina.startup.VersionLoggerListener.log CATALINA_HOME:         C:\Program Files\Apache Software Foundation\Tomcat 11.0
09-Jul-2025 20:55:32.831 INFO [main] org.apache.catalina.startup.VersionLoggerListener.log Command line argument: --add-opens=java.base/java.lang=ALL-UNNAMED
09-Jul-2025 20:55:32.831 INFO [main] org.apache.catalina.startup.VersionLoggerListener.log Command line argument: --add-opens=java.base/java.io=ALL-UNNAMED
09-Jul-2025 20:55:32.831 INFO [main] org.apache.catalina.startup.VersionLoggerListener.log Command line argument: --add-opens=java.base/java.util=ALL-UNNAMED
09-Jul-2025 20:55:32.832 INFO [main] org.apache.catalina.startup.VersionLoggerListener.log Command line argument: --add-opens=java.base/java.util.concurrent=ALL-UNNAMED
09-Jul-2025 20:55:32.832 INFO [main] org.apache.catalina.startup.VersionLoggerListener.log Command line argument: --add-opens=java.rmi/sun.rmi.transport=ALL-UNNAMED
09-Jul-2025 20:55:32.832 INFO [main] org.apache.catalina.startup.VersionLoggerListener.log Command line argument: -Dcatalina.home=C:\Program Files\Apache Software Foundation\Tomcat 11.0
09-Jul-2025 20:55:32.832 INFO [main] org.apache.catalina.startup.VersionLoggerListener.log Command line argument: -Dcatalina.base=D:\java\Shopping-web\conf\Catalina
09-Jul-2025 20:55:32.833 INFO [main] org.apache.catalina.startup.VersionLoggerListener.log Command line argument: -Djava.io.tmpdir=D:\java\Shopping-web\conf\Catalina\temp
09-Jul-2025 20:55:32.833 INFO [main] org.apache.catalina.startup.VersionLoggerListener.log Command line argument: -Djava.util.logging.config.file=D:\java\Shopping-web\conf\Catalina\conf\logging.properties
09-Jul-2025 20:55:32.833 INFO [main] org.apache.catalina.startup.VersionLoggerListener.log Command line argument: -Djava.util.logging.manager=org.apache.juli.ClassLoaderLogManager
09-Jul-2025 20:55:32.833 INFO [main] org.apache.catalina.startup.VersionLoggerListener.log Command line argument: -javaagent:C:\Program Files\JetBrains\IntelliJ IDEA Community Edition 2024.3.2.2\lib\idea_rt.jar=49992
09-Jul-2025 20:55:32.834 INFO [main] org.apache.catalina.startup.VersionLoggerListener.log Command line argument: -Dfile.encoding=UTF-8
09-Jul-2025 20:55:32.834 INFO [main] org.apache.catalina.startup.VersionLoggerListener.log Command line argument: -Dsun.stdout.encoding=UTF-8
09-Jul-2025 20:55:32.834 INFO [main] org.apache.catalina.startup.VersionLoggerListener.log Command line argument: -Dsun.stderr.encoding=UTF-8
09-Jul-2025 20:55:32.848 INFO [main] org.apache.catalina.core.AprLifecycleListener.lifecycleEvent The Apache Tomcat Native library which allows using OpenSSL was not found on the java.library.path: [C:\Program Files\Java\jdk-23\bin;C:\WINDOWS\Sun\Java\bin;C:\WINDOWS\system32;C:\WINDOWS;C:\Program Files\Common Files\Oracle\Java\javapath;C:\WINDOWS\system32;C:\WINDOWS;C:\WINDOWS\System32\Wbem;C:\WINDOWS\System32\WindowsPowerShell\v1.0\;C:\WINDOWS\System32\OpenSSH\;C:\Program Files\Git\cmd;C:\Users\SMART\AppData\Local\Programs\Python\Python313\Scripts\;C:\Users\SMART\AppData\Local\Programs\Python\Python313\;C:\Users\SMART\AppData\Local\Microsoft\WindowsApps;C:\Users\SMART\AppData\Local\Programs\Microsoft VS Code\bin;C:\Program Files\Java\jdk-23\bin;;.]
09-Jul-2025 20:55:33.725 INFO [main] org.apache.coyote.AbstractProtocol.init Initializing ProtocolHandler ["http-nio-8080"]
09-Jul-2025 20:55:33.791 INFO [main] org.apache.catalina.startup.Catalina.load Server initialization in [1561] milliseconds
09-Jul-2025 20:55:33.959 INFO [main] org.apache.catalina.core.StandardService.startInternal Starting service [Catalina]
09-Jul-2025 20:55:33.960 INFO [main] org.apache.catalina.core.StandardEngine.startInternal Starting Servlet engine: [Apache Tomcat/11.0.9]
09-Jul-2025 20:55:33.983 INFO [main] org.apache.catalina.startup.HostConfig.deployDescriptor Deploying deployment descriptor [D:\java\Shopping-web\conf\Catalina\conf\Catalina\localhost\register.xml]
09-Jul-2025 20:55:36.908 INFO [main] org.apache.jasper.servlet.TldScanner.scanJars At least one JAR was scanned for TLDs yet contained no TLDs. Enable debug logging for this logger for a complete list of JARs that were scanned but no TLDs were found in them. Skipping unneeded JARs during scanning can improve startup time and JSP compilation time.
09-Jul-2025 20:55:37.072 INFO [main] org.apache.catalina.startup.HostConfig.deployDescriptor Deployment of deployment descriptor [D:\java\Shopping-web\conf\Catalina\conf\Catalina\localhost\register.xml] has finished in [3,087] ms
09-Jul-2025 20:55:37.078 INFO [main] org.apache.coyote.AbstractProtocol.start Starting ProtocolHandler ["http-nio-8080"]
09-Jul-2025 20:55:37.134 INFO [main] org.apache.catalina.startup.Catalina.start Server startup in [3341] milliseconds
09-Jul-2025 20:56:43.606 INFO [Thread-1] org.apache.coyote.AbstractProtocol.pause Pausing ProtocolHandler ["http-nio-8080"]
09-Jul-2025 20:56:43.663 INFO [Thread-1] org.apache.catalina.core.StandardService.stopInternal Stopping service [Catalina]
09-Jul-2025 20:56:43.722 INFO [Thread-1] org.apache.coyote.AbstractProtocol.stop Stopping ProtocolHandler ["http-nio-8080"]
09-Jul-2025 20:56:43.728 INFO [Thread-1] org.apache.coyote.AbstractProtocol.destroy Destroying ProtocolHandler ["http-nio-8080"]
09-Jul-2025 20:56:50.226 INFO [main] org.apache.catalina.startup.VersionLoggerListener.log Server version name:   Apache Tomcat/11.0.9
09-Jul-2025 20:56:50.235 INFO [main] org.apache.catalina.startup.VersionLoggerListener.log Server built:          Jul 1 2025 20:39:04 UTC
09-Jul-2025 20:56:50.236 INFO [main] org.apache.catalina.startup.VersionLoggerListener.log Server version number: 11.0.9.0
09-Jul-2025 20:56:50.236 INFO [main] org.apache.catalina.startup.VersionLoggerListener.log OS Name:               Windows 11
09-Jul-2025 20:56:50.238 INFO [main] org.apache.catalina.startup.VersionLoggerListener.log OS Version:            10.0
09-Jul-2025 20:56:50.238 INFO [main] org.apache.catalina.startup.VersionLoggerListener.log Architecture:          amd64
09-Jul-2025 20:56:50.240 INFO [main] org.apache.catalina.startup.VersionLoggerListener.log Java Home:             C:\Program Files\Java\jdk-23
09-Jul-2025 20:56:50.240 INFO [main] org.apache.catalina.startup.VersionLoggerListener.log JVM Version:           23.0.2+7-58
09-Jul-2025 20:56:50.240 INFO [main] org.apache.catalina.startup.VersionLoggerListener.log JVM Vendor:            Oracle Corporation
09-Jul-2025 20:56:50.241 INFO [main] org.apache.catalina.startup.VersionLoggerListener.log CATALINA_BASE:         D:\java\Shopping-web\conf\Catalina
09-Jul-2025 20:56:50.241 INFO [main] org.apache.catalina.startup.VersionLoggerListener.log CATALINA_HOME:         C:\Program Files\Apache Software Foundation\Tomcat 11.0
09-Jul-2025 20:56:50.259 INFO [main] org.apache.catalina.startup.VersionLoggerListener.log Command line argument: --add-opens=java.base/java.lang=ALL-UNNAMED
09-Jul-2025 20:56:50.259 INFO [main] org.apache.catalina.startup.VersionLoggerListener.log Command line argument: --add-opens=java.base/java.io=ALL-UNNAMED
09-Jul-2025 20:56:50.259 INFO [main] org.apache.catalina.startup.VersionLoggerListener.log Command line argument: --add-opens=java.base/java.util=ALL-UNNAMED
09-Jul-2025 20:56:50.260 INFO [main] org.apache.catalina.startup.VersionLoggerListener.log Command line argument: --add-opens=java.base/java.util.concurrent=ALL-UNNAMED
09-Jul-2025 20:56:50.260 INFO [main] org.apache.catalina.startup.VersionLoggerListener.log Command line argument: --add-opens=java.rmi/sun.rmi.transport=ALL-UNNAMED
09-Jul-2025 20:56:50.261 INFO [main] org.apache.catalina.startup.VersionLoggerListener.log Command line argument: -Dcatalina.home=C:\Program Files\Apache Software Foundation\Tomcat 11.0
09-Jul-2025 20:56:50.261 INFO [main] org.apache.catalina.startup.VersionLoggerListener.log Command line argument: -Dcatalina.base=D:\java\Shopping-web\conf\Catalina
09-Jul-2025 20:56:50.261 INFO [main] org.apache.catalina.startup.VersionLoggerListener.log Command line argument: -Djava.io.tmpdir=D:\java\Shopping-web\conf\Catalina\temp
09-Jul-2025 20:56:50.261 INFO [main] org.apache.catalina.startup.VersionLoggerListener.log Command line argument: -Djava.util.logging.config.file=D:\java\Shopping-web\conf\Catalina\conf\logging.properties
09-Jul-2025 20:56:50.261 INFO [main] org.apache.catalina.startup.VersionLoggerListener.log Command line argument: -Djava.util.logging.manager=org.apache.juli.ClassLoaderLogManager
09-Jul-2025 20:56:50.261 INFO [main] org.apache.catalina.startup.VersionLoggerListener.log Command line argument: -javaagent:C:\Program Files\JetBrains\IntelliJ IDEA Community Edition 2024.3.2.2\lib\idea_rt.jar=50002
09-Jul-2025 20:56:50.261 INFO [main] org.apache.catalina.startup.VersionLoggerListener.log Command line argument: -Dfile.encoding=UTF-8
09-Jul-2025 20:56:50.261 INFO [main] org.apache.catalina.startup.VersionLoggerListener.log Command line argument: -Dsun.stdout.encoding=UTF-8
09-Jul-2025 20:56:50.263 INFO [main] org.apache.catalina.startup.VersionLoggerListener.log Command line argument: -Dsun.stderr.encoding=UTF-8
09-Jul-2025 20:56:50.274 INFO [main] org.apache.catalina.core.AprLifecycleListener.lifecycleEvent The Apache Tomcat Native library which allows using OpenSSL was not found on the java.library.path: [C:\Program Files\Java\jdk-23\bin;C:\WINDOWS\Sun\Java\bin;C:\WINDOWS\system32;C:\WINDOWS;C:\Program Files\Common Files\Oracle\Java\javapath;C:\WINDOWS\system32;C:\WINDOWS;C:\WINDOWS\System32\Wbem;C:\WINDOWS\System32\WindowsPowerShell\v1.0\;C:\WINDOWS\System32\OpenSSH\;C:\Program Files\Git\cmd;C:\Users\SMART\AppData\Local\Programs\Python\Python313\Scripts\;C:\Users\SMART\AppData\Local\Programs\Python\Python313\;C:\Users\SMART\AppData\Local\Microsoft\WindowsApps;C:\Users\SMART\AppData\Local\Programs\Microsoft VS Code\bin;C:\Program Files\Java\jdk-23\bin;;.]
09-Jul-2025 20:56:51.012 INFO [main] org.apache.coyote.AbstractProtocol.init Initializing ProtocolHandler ["http-nio-8080"]
09-Jul-2025 20:56:51.050 INFO [main] org.apache.catalina.startup.Catalina.load Server initialization in [1228] milliseconds
09-Jul-2025 20:56:51.187 INFO [main] org.apache.catalina.core.StandardService.startInternal Starting service [Catalina]
09-Jul-2025 20:56:51.189 INFO [main] org.apache.catalina.core.StandardEngine.startInternal Starting Servlet engine: [Apache Tomcat/11.0.9]
09-Jul-2025 20:56:51.212 INFO [main] org.apache.catalina.startup.HostConfig.deployDescriptor Deploying deployment descriptor [D:\java\Shopping-web\conf\Catalina\conf\Catalina\localhost\register.xml]
09-Jul-2025 20:56:53.371 INFO [main] org.apache.jasper.servlet.TldScanner.scanJars At least one JAR was scanned for TLDs yet contained no TLDs. Enable debug logging for this logger for a complete list of JARs that were scanned but no TLDs were found in them. Skipping unneeded JARs during scanning can improve startup time and JSP compilation time.
09-Jul-2025 20:56:53.607 INFO [main] org.apache.catalina.startup.HostConfig.deployDescriptor Deployment of deployment descriptor [D:\java\Shopping-web\conf\Catalina\conf\Catalina\localhost\register.xml] has finished in [2,393] ms
09-Jul-2025 20:56:53.624 INFO [main] org.apache.coyote.AbstractProtocol.start Starting ProtocolHandler ["http-nio-8080"]
09-Jul-2025 20:56:53.725 INFO [main] org.apache.catalina.startup.Catalina.start Server startup in [2672] milliseconds
09-Jul-2025 20:58:08.948 INFO [Thread-1] org.apache.coyote.AbstractProtocol.pause Pausing ProtocolHandler ["http-nio-8080"]
09-Jul-2025 20:58:08.966 INFO [Thread-1] org.apache.catalina.core.StandardService.stopInternal Stopping service [Catalina]
09-Jul-2025 20:58:08.979 INFO [Thread-1] org.apache.coyote.AbstractProtocol.stop Stopping ProtocolHandler ["http-nio-8080"]
09-Jul-2025 20:58:09.002 INFO [Thread-1] org.apache.coyote.AbstractProtocol.destroy Destroying ProtocolHandler ["http-nio-8080"]
09-Jul-2025 20:58:15.328 INFO [main] org.apache.catalina.startup.VersionLoggerListener.log Server version name:   Apache Tomcat/11.0.9
09-Jul-2025 20:58:15.335 INFO [main] org.apache.catalina.startup.VersionLoggerListener.log Server built:          Jul 1 2025 20:39:04 UTC
09-Jul-2025 20:58:15.336 INFO [main] org.apache.catalina.startup.VersionLoggerListener.log Server version number: 11.0.9.0
09-Jul-2025 20:58:15.336 INFO [main] org.apache.catalina.startup.VersionLoggerListener.log OS Name:               Windows 11
09-Jul-2025 20:58:15.337 INFO [main] org.apache.catalina.startup.VersionLoggerListener.log OS Version:            10.0
09-Jul-2025 20:58:15.338 INFO [main] org.apache.catalina.startup.VersionLoggerListener.log Architecture:          amd64
09-Jul-2025 20:58:15.339 INFO [main] org.apache.catalina.startup.VersionLoggerListener.log Java Home:             C:\Program Files\Java\jdk-23
09-Jul-2025 20:58:15.339 INFO [main] org.apache.catalina.startup.VersionLoggerListener.log JVM Version:           23.0.2+7-58
09-Jul-2025 20:58:15.341 INFO [main] org.apache.catalina.startup.VersionLoggerListener.log JVM Vendor:            Oracle Corporation
09-Jul-2025 20:58:15.341 INFO [main] org.apache.catalina.startup.VersionLoggerListener.log CATALINA_BASE:         D:\java\Shopping-web\conf\Catalina
09-Jul-2025 20:58:15.342 INFO [main] org.apache.catalina.startup.VersionLoggerListener.log CATALINA_HOME:         C:\Program Files\Apache Software Foundation\Tomcat 11.0
09-Jul-2025 20:58:15.362 INFO [main] org.apache.catalina.startup.VersionLoggerListener.log Command line argument: --add-opens=java.base/java.lang=ALL-UNNAMED
09-Jul-2025 20:58:15.363 INFO [main] org.apache.catalina.startup.VersionLoggerListener.log Command line argument: --add-opens=java.base/java.io=ALL-UNNAMED
09-Jul-2025 20:58:15.363 INFO [main] org.apache.catalina.startup.VersionLoggerListener.log Command line argument: --add-opens=java.base/java.util=ALL-UNNAMED
09-Jul-2025 20:58:15.363 INFO [main] org.apache.catalina.startup.VersionLoggerListener.log Command line argument: --add-opens=java.base/java.util.concurrent=ALL-UNNAMED
09-Jul-2025 20:58:15.363 INFO [main] org.apache.catalina.startup.VersionLoggerListener.log Command line argument: --add-opens=java.rmi/sun.rmi.transport=ALL-UNNAMED
09-Jul-2025 20:58:15.363 INFO [main] org.apache.catalina.startup.VersionLoggerListener.log Command line argument: -Dcatalina.home=C:\Program Files\Apache Software Foundation\Tomcat 11.0
09-Jul-2025 20:58:15.363 INFO [main] org.apache.catalina.startup.VersionLoggerListener.log Command line argument: -Dcatalina.base=D:\java\Shopping-web\conf\Catalina
09-Jul-2025 20:58:15.363 INFO [main] org.apache.catalina.startup.VersionLoggerListener.log Command line argument: -Djava.io.tmpdir=D:\java\Shopping-web\conf\Catalina\temp
09-Jul-2025 20:58:15.363 INFO [main] org.apache.catalina.startup.VersionLoggerListener.log Command line argument: -Djava.util.logging.config.file=D:\java\Shopping-web\conf\Catalina\conf\logging.properties
09-Jul-2025 20:58:15.364 INFO [main] org.apache.catalina.startup.VersionLoggerListener.log Command line argument: -Djava.util.logging.manager=org.apache.juli.ClassLoaderLogManager
09-Jul-2025 20:58:15.364 INFO [main] org.apache.catalina.startup.VersionLoggerListener.log Command line argument: -javaagent:C:\Program Files\JetBrains\IntelliJ IDEA Community Edition 2024.3.2.2\lib\idea_rt.jar=50030
09-Jul-2025 20:58:15.364 INFO [main] org.apache.catalina.startup.VersionLoggerListener.log Command line argument: -Dfile.encoding=UTF-8
09-Jul-2025 20:58:15.364 INFO [main] org.apache.catalina.startup.VersionLoggerListener.log Command line argument: -Dsun.stdout.encoding=UTF-8
09-Jul-2025 20:58:15.364 INFO [main] org.apache.catalina.startup.VersionLoggerListener.log Command line argument: -Dsun.stderr.encoding=UTF-8
09-Jul-2025 20:58:15.378 INFO [main] org.apache.catalina.core.AprLifecycleListener.lifecycleEvent The Apache Tomcat Native library which allows using OpenSSL was not found on the java.library.path: [C:\Program Files\Java\jdk-23\bin;C:\WINDOWS\Sun\Java\bin;C:\WINDOWS\system32;C:\WINDOWS;C:\Program Files\Common Files\Oracle\Java\javapath;C:\WINDOWS\system32;C:\WINDOWS;C:\WINDOWS\System32\Wbem;C:\WINDOWS\System32\WindowsPowerShell\v1.0\;C:\WINDOWS\System32\OpenSSH\;C:\Program Files\Git\cmd;C:\Users\SMART\AppData\Local\Programs\Python\Python313\Scripts\;C:\Users\SMART\AppData\Local\Programs\Python\Python313\;C:\Users\SMART\AppData\Local\Microsoft\WindowsApps;C:\Users\SMART\AppData\Local\Programs\Microsoft VS Code\bin;C:\Program Files\Java\jdk-23\bin;;.]
09-Jul-2025 20:58:16.098 INFO [main] org.apache.coyote.AbstractProtocol.init Initializing ProtocolHandler ["http-nio-8080"]
09-Jul-2025 20:58:16.133 INFO [main] org.apache.catalina.startup.Catalina.load Server initialization in [1180] milliseconds
09-Jul-2025 20:58:16.272 INFO [main] org.apache.catalina.core.StandardService.startInternal Starting service [Catalina]
09-Jul-2025 20:58:16.272 INFO [main] org.apache.catalina.core.StandardEngine.startInternal Starting Servlet engine: [Apache Tomcat/11.0.9]
09-Jul-2025 20:58:16.294 INFO [main] org.apache.catalina.startup.HostConfig.deployDescriptor Deploying deployment descriptor [D:\java\Shopping-web\conf\Catalina\conf\Catalina\localhost\register.xml]
09-Jul-2025 20:58:18.583 INFO [main] org.apache.jasper.servlet.TldScanner.scanJars At least one JAR was scanned for TLDs yet contained no TLDs. Enable debug logging for this logger for a complete list of JARs that were scanned but no TLDs were found in them. Skipping unneeded JARs during scanning can improve startup time and JSP compilation time.
09-Jul-2025 20:58:18.742 INFO [main] org.apache.catalina.startup.HostConfig.deployDescriptor Deployment of deployment descriptor [D:\java\Shopping-web\conf\Catalina\conf\Catalina\localhost\register.xml] has finished in [2,448] ms
09-Jul-2025 20:58:18.752 INFO [main] org.apache.coyote.AbstractProtocol.start Starting ProtocolHandler ["http-nio-8080"]
09-Jul-2025 20:58:18.819 INFO [main] org.apache.catalina.startup.Catalina.start Server startup in [2683] milliseconds
09-Jul-2025 21:01:18.605 INFO [Thread-1] org.apache.coyote.AbstractProtocol.pause Pausing ProtocolHandler ["http-nio-8080"]
09-Jul-2025 21:01:18.631 INFO [Thread-1] org.apache.catalina.core.StandardService.stopInternal Stopping service [Catalina]
09-Jul-2025 21:01:18.668 INFO [Thread-1] org.apache.coyote.AbstractProtocol.stop Stopping ProtocolHandler ["http-nio-8080"]
09-Jul-2025 21:01:18.680 INFO [Thread-1] org.apache.coyote.AbstractProtocol.destroy Destroying ProtocolHandler ["http-nio-8080"]
09-Jul-2025 21:01:55.848 INFO [main] org.apache.catalina.startup.VersionLoggerListener.log Server version name:   Apache Tomcat/11.0.9
09-Jul-2025 21:01:55.858 INFO [main] org.apache.catalina.startup.VersionLoggerListener.log Server built:          Jul 1 2025 20:39:04 UTC
09-Jul-2025 21:01:55.859 INFO [main] org.apache.catalina.startup.VersionLoggerListener.log Server version number: 11.0.9.0
09-Jul-2025 21:01:55.859 INFO [main] org.apache.catalina.startup.VersionLoggerListener.log OS Name:               Windows 11
09-Jul-2025 21:01:55.859 INFO [main] org.apache.catalina.startup.VersionLoggerListener.log OS Version:            10.0
09-Jul-2025 21:01:55.859 INFO [main] org.apache.catalina.startup.VersionLoggerListener.log Architecture:          amd64
09-Jul-2025 21:01:55.860 INFO [main] org.apache.catalina.startup.VersionLoggerListener.log Java Home:             C:\Program Files\Java\jdk-23
09-Jul-2025 21:01:55.860 INFO [main] org.apache.catalina.startup.VersionLoggerListener.log JVM Version:           23.0.2+7-58
09-Jul-2025 21:01:55.861 INFO [main] org.apache.catalina.startup.VersionLoggerListener.log JVM Vendor:            Oracle Corporation
09-Jul-2025 21:01:55.861 INFO [main] org.apache.catalina.startup.VersionLoggerListener.log CATALINA_BASE:         D:\java\Shopping-web\conf\Catalina
09-Jul-2025 21:01:55.861 INFO [main] org.apache.catalina.startup.VersionLoggerListener.log CATALINA_HOME:         C:\Program Files\Apache Software Foundation\Tomcat 11.0
09-Jul-2025 21:01:55.881 INFO [main] org.apache.catalina.startup.VersionLoggerListener.log Command line argument: --add-opens=java.base/java.lang=ALL-UNNAMED
09-Jul-2025 21:01:55.881 INFO [main] org.apache.catalina.startup.VersionLoggerListener.log Command line argument: --add-opens=java.base/java.io=ALL-UNNAMED
09-Jul-2025 21:01:55.882 INFO [main] org.apache.catalina.startup.VersionLoggerListener.log Command line argument: --add-opens=java.base/java.util=ALL-UNNAMED
09-Jul-2025 21:01:55.882 INFO [main] org.apache.catalina.startup.VersionLoggerListener.log Command line argument: --add-opens=java.base/java.util.concurrent=ALL-UNNAMED
09-Jul-2025 21:01:55.882 INFO [main] org.apache.catalina.startup.VersionLoggerListener.log Command line argument: --add-opens=java.rmi/sun.rmi.transport=ALL-UNNAMED
09-Jul-2025 21:01:55.882 INFO [main] org.apache.catalina.startup.VersionLoggerListener.log Command line argument: -Dcatalina.home=C:\Program Files\Apache Software Foundation\Tomcat 11.0
09-Jul-2025 21:01:55.882 INFO [main] org.apache.catalina.startup.VersionLoggerListener.log Command line argument: -Dcatalina.base=D:\java\Shopping-web\conf\Catalina
09-Jul-2025 21:01:55.883 INFO [main] org.apache.catalina.startup.VersionLoggerListener.log Command line argument: -Djava.io.tmpdir=D:\java\Shopping-web\conf\Catalina\temp
09-Jul-2025 21:01:55.883 INFO [main] org.apache.catalina.startup.VersionLoggerListener.log Command line argument: -Djava.util.logging.config.file=D:\java\Shopping-web\conf\Catalina\conf\logging.properties
09-Jul-2025 21:01:55.883 INFO [main] org.apache.catalina.startup.VersionLoggerListener.log Command line argument: -Djava.util.logging.manager=org.apache.juli.ClassLoaderLogManager
09-Jul-2025 21:01:55.883 INFO [main] org.apache.catalina.startup.VersionLoggerListener.log Command line argument: -javaagent:C:\Program Files\JetBrains\IntelliJ IDEA Community Edition 2024.3.2.2\lib\idea_rt.jar=50084
09-Jul-2025 21:01:55.884 INFO [main] org.apache.catalina.startup.VersionLoggerListener.log Command line argument: -Dfile.encoding=UTF-8
09-Jul-2025 21:01:55.884 INFO [main] org.apache.catalina.startup.VersionLoggerListener.log Command line argument: -Dsun.stdout.encoding=UTF-8
09-Jul-2025 21:01:55.884 INFO [main] org.apache.catalina.startup.VersionLoggerListener.log Command line argument: -Dsun.stderr.encoding=UTF-8
09-Jul-2025 21:01:55.895 INFO [main] org.apache.catalina.core.AprLifecycleListener.lifecycleEvent The Apache Tomcat Native library which allows using OpenSSL was not found on the java.library.path: [C:\Program Files\Java\jdk-23\bin;C:\WINDOWS\Sun\Java\bin;C:\WINDOWS\system32;C:\WINDOWS;C:\Program Files\Common Files\Oracle\Java\javapath;C:\WINDOWS\system32;C:\WINDOWS;C:\WINDOWS\System32\Wbem;C:\WINDOWS\System32\WindowsPowerShell\v1.0\;C:\WINDOWS\System32\OpenSSH\;C:\Program Files\Git\cmd;C:\Users\SMART\AppData\Local\Programs\Python\Python313\Scripts\;C:\Users\SMART\AppData\Local\Programs\Python\Python313\;C:\Users\SMART\AppData\Local\Microsoft\WindowsApps;C:\Users\SMART\AppData\Local\Programs\Microsoft VS Code\bin;C:\Program Files\Java\jdk-23\bin;;.]
09-Jul-2025 21:01:56.585 INFO [main] org.apache.coyote.AbstractProtocol.init Initializing ProtocolHandler ["http-nio-8080"]
09-Jul-2025 21:01:56.622 INFO [main] org.apache.catalina.startup.Catalina.load Server initialization in [1154] milliseconds
09-Jul-2025 21:01:56.741 INFO [main] org.apache.catalina.core.StandardService.startInternal Starting service [Catalina]
09-Jul-2025 21:01:56.741 INFO [main] org.apache.catalina.core.StandardEngine.startInternal Starting Servlet engine: [Apache Tomcat/11.0.9]
09-Jul-2025 21:01:56.766 INFO [main] org.apache.catalina.startup.HostConfig.deployDescriptor Deploying deployment descriptor [D:\java\Shopping-web\conf\Catalina\conf\Catalina\localhost\register.xml]
09-Jul-2025 21:01:58.657 INFO [main] org.apache.jasper.servlet.TldScanner.scanJars At least one JAR was scanned for TLDs yet contained no TLDs. Enable debug logging for this logger for a complete list of JARs that were scanned but no TLDs were found in them. Skipping unneeded JARs during scanning can improve startup time and JSP compilation time.
09-Jul-2025 21:01:58.923 INFO [main] org.apache.catalina.startup.HostConfig.deployDescriptor Deployment of deployment descriptor [D:\java\Shopping-web\conf\Catalina\conf\Catalina\localhost\register.xml] has finished in [2,156] ms
09-Jul-2025 21:01:58.936 INFO [main] org.apache.coyote.AbstractProtocol.start Starting ProtocolHandler ["http-nio-8080"]
09-Jul-2025 21:01:59.016 INFO [main] org.apache.catalina.startup.Catalina.start Server startup in [2390] milliseconds
09-Jul-2025 21:03:39.954 INFO [Thread-1] org.apache.coyote.AbstractProtocol.pause Pausing ProtocolHandler ["http-nio-8080"]
09-Jul-2025 21:03:40.005 INFO [Thread-1] org.apache.catalina.core.StandardService.stopInternal Stopping service [Catalina]
09-Jul-2025 21:03:40.044 INFO [Thread-1] org.apache.coyote.AbstractProtocol.stop Stopping ProtocolHandler ["http-nio-8080"]
09-Jul-2025 21:03:40.062 INFO [Thread-1] org.apache.coyote.AbstractProtocol.destroy Destroying ProtocolHandler ["http-nio-8080"]
09-Jul-2025 21:03:42.695 INFO [main] org.apache.catalina.startup.VersionLoggerListener.log Server version name:   Apache Tomcat/11.0.9
09-Jul-2025 21:03:42.707 INFO [main] org.apache.catalina.startup.VersionLoggerListener.log Server built:          Jul 1 2025 20:39:04 UTC
09-Jul-2025 21:03:42.707 INFO [main] org.apache.catalina.startup.VersionLoggerListener.log Server version number: 11.0.9.0
09-Jul-2025 21:03:42.709 INFO [main] org.apache.catalina.startup.VersionLoggerListener.log OS Name:               Windows 11
09-Jul-2025 21:03:42.709 INFO [main] org.apache.catalina.startup.VersionLoggerListener.log OS Version:            10.0
09-Jul-2025 21:03:42.710 INFO [main] org.apache.catalina.startup.VersionLoggerListener.log Architecture:          amd64
09-Jul-2025 21:03:42.710 INFO [main] org.apache.catalina.startup.VersionLoggerListener.log Java Home:             C:\Program Files\Java\jdk-23
09-Jul-2025 21:03:42.711 INFO [main] org.apache.catalina.startup.VersionLoggerListener.log JVM Version:           23.0.2+7-58
09-Jul-2025 21:03:42.711 INFO [main] org.apache.catalina.startup.VersionLoggerListener.log JVM Vendor:            Oracle Corporation
09-Jul-2025 21:03:42.712 INFO [main] org.apache.catalina.startup.VersionLoggerListener.log CATALINA_BASE:         D:\java\Shopping-web\conf\Catalina
09-Jul-2025 21:03:42.712 INFO [main] org.apache.catalina.startup.VersionLoggerListener.log CATALINA_HOME:         C:\Program Files\Apache Software Foundation\Tomcat 11.0
09-Jul-2025 21:03:42.734 INFO [main] org.apache.catalina.startup.VersionLoggerListener.log Command line argument: --add-opens=java.base/java.lang=ALL-UNNAMED
09-Jul-2025 21:03:42.734 INFO [main] org.apache.catalina.startup.VersionLoggerListener.log Command line argument: --add-opens=java.base/java.io=ALL-UNNAMED
09-Jul-2025 21:03:42.734 INFO [main] org.apache.catalina.startup.VersionLoggerListener.log Command line argument: --add-opens=java.base/java.util=ALL-UNNAMED
09-Jul-2025 21:03:42.734 INFO [main] org.apache.catalina.startup.VersionLoggerListener.log Command line argument: --add-opens=java.base/java.util.concurrent=ALL-UNNAMED
09-Jul-2025 21:03:42.735 INFO [main] org.apache.catalina.startup.VersionLoggerListener.log Command line argument: --add-opens=java.rmi/sun.rmi.transport=ALL-UNNAMED
09-Jul-2025 21:03:42.735 INFO [main] org.apache.catalina.startup.VersionLoggerListener.log Command line argument: -Dcatalina.home=C:\Program Files\Apache Software Foundation\Tomcat 11.0
09-Jul-2025 21:03:42.735 INFO [main] org.apache.catalina.startup.VersionLoggerListener.log Command line argument: -Dcatalina.base=D:\java\Shopping-web\conf\Catalina
09-Jul-2025 21:03:42.735 INFO [main] org.apache.catalina.startup.VersionLoggerListener.log Command line argument: -Djava.io.tmpdir=D:\java\Shopping-web\conf\Catalina\temp
09-Jul-2025 21:03:42.736 INFO [main] org.apache.catalina.startup.VersionLoggerListener.log Command line argument: -Djava.util.logging.config.file=D:\java\Shopping-web\conf\Catalina\conf\logging.properties
09-Jul-2025 21:03:42.736 INFO [main] org.apache.catalina.startup.VersionLoggerListener.log Command line argument: -Djava.util.logging.manager=org.apache.juli.ClassLoaderLogManager
09-Jul-2025 21:03:42.736 INFO [main] org.apache.catalina.startup.VersionLoggerListener.log Command line argument: -javaagent:C:\Program Files\JetBrains\IntelliJ IDEA Community Edition 2024.3.2.2\lib\idea_rt.jar=50100
09-Jul-2025 21:03:42.736 INFO [main] org.apache.catalina.startup.VersionLoggerListener.log Command line argument: -Dfile.encoding=UTF-8
09-Jul-2025 21:03:42.737 INFO [main] org.apache.catalina.startup.VersionLoggerListener.log Command line argument: -Dsun.stdout.encoding=UTF-8
09-Jul-2025 21:03:42.737 INFO [main] org.apache.catalina.startup.VersionLoggerListener.log Command line argument: -Dsun.stderr.encoding=UTF-8
09-Jul-2025 21:03:42.749 INFO [main] org.apache.catalina.core.AprLifecycleListener.lifecycleEvent The Apache Tomcat Native library which allows using OpenSSL was not found on the java.library.path: [C:\Program Files\Java\jdk-23\bin;C:\WINDOWS\Sun\Java\bin;C:\WINDOWS\system32;C:\WINDOWS;C:\Program Files\Common Files\Oracle\Java\javapath;C:\WINDOWS\system32;C:\WINDOWS;C:\WINDOWS\System32\Wbem;C:\WINDOWS\System32\WindowsPowerShell\v1.0\;C:\WINDOWS\System32\OpenSSH\;C:\Program Files\Git\cmd;C:\Users\SMART\AppData\Local\Programs\Python\Python313\Scripts\;C:\Users\SMART\AppData\Local\Programs\Python\Python313\;C:\Users\SMART\AppData\Local\Microsoft\WindowsApps;C:\Users\SMART\AppData\Local\Programs\Microsoft VS Code\bin;C:\Program Files\Java\jdk-23\bin;;.]
09-Jul-2025 21:03:43.397 INFO [main] org.apache.coyote.AbstractProtocol.init Initializing ProtocolHandler ["http-nio-8080"]
09-Jul-2025 21:03:43.438 INFO [main] org.apache.catalina.startup.Catalina.load Server initialization in [1166] milliseconds
09-Jul-2025 21:03:43.543 INFO [main] org.apache.catalina.core.StandardService.startInternal Starting service [Catalina]
09-Jul-2025 21:03:43.543 INFO [main] org.apache.catalina.core.StandardEngine.startInternal Starting Servlet engine: [Apache Tomcat/11.0.9]
09-Jul-2025 21:03:43.566 INFO [main] org.apache.catalina.startup.HostConfig.deployDescriptor Deploying deployment descriptor [D:\java\Shopping-web\conf\Catalina\conf\Catalina\localhost\register.xml]
09-Jul-2025 21:03:45.723 INFO [main] org.apache.jasper.servlet.TldScanner.scanJars At least one JAR was scanned for TLDs yet contained no TLDs. Enable debug logging for this logger for a complete list of JARs that were scanned but no TLDs were found in them. Skipping unneeded JARs during scanning can improve startup time and JSP compilation time.
09-Jul-2025 21:03:45.895 INFO [main] org.apache.catalina.startup.HostConfig.deployDescriptor Deployment of deployment descriptor [D:\java\Shopping-web\conf\Catalina\conf\Catalina\localhost\register.xml] has finished in [2,329] ms
09-Jul-2025 21:03:45.903 INFO [main] org.apache.coyote.AbstractProtocol.start Starting ProtocolHandler ["http-nio-8080"]
09-Jul-2025 21:03:45.952 INFO [main] org.apache.catalina.startup.Catalina.start Server startup in [2511] milliseconds
09-Jul-2025 21:04:06.431 INFO [Thread-1] org.apache.coyote.AbstractProtocol.pause Pausing ProtocolHandler ["http-nio-8080"]
09-Jul-2025 21:04:06.478 INFO [Thread-1] org.apache.catalina.core.StandardService.stopInternal Stopping service [Catalina]
09-Jul-2025 21:04:06.526 INFO [Thread-1] org.apache.coyote.AbstractProtocol.stop Stopping ProtocolHandler ["http-nio-8080"]
09-Jul-2025 21:04:06.547 INFO [Thread-1] org.apache.coyote.AbstractProtocol.destroy Destroying ProtocolHandler ["http-nio-8080"]
09-Jul-2025 22:22:22.064 INFO [main] org.apache.catalina.startup.VersionLoggerListener.log Server version name:   Apache Tomcat/11.0.9
09-Jul-2025 22:22:22.072 INFO [main] org.apache.catalina.startup.VersionLoggerListener.log Server built:          Jul 1 2025 20:39:04 UTC
09-Jul-2025 22:22:22.072 INFO [main] org.apache.catalina.startup.VersionLoggerListener.log Server version number: 11.0.9.0
09-Jul-2025 22:22:22.072 INFO [main] org.apache.catalina.startup.VersionLoggerListener.log OS Name:               Windows 11
09-Jul-2025 22:22:22.074 INFO [main] org.apache.catalina.startup.VersionLoggerListener.log OS Version:            10.0
09-Jul-2025 22:22:22.074 INFO [main] org.apache.catalina.startup.VersionLoggerListener.log Architecture:          amd64
09-Jul-2025 22:22:22.074 INFO [main] org.apache.catalina.startup.VersionLoggerListener.log Java Home:             C:\Program Files\Java\jdk-23
09-Jul-2025 22:22:22.075 INFO [main] org.apache.catalina.startup.VersionLoggerListener.log JVM Version:           23.0.2+7-58
09-Jul-2025 22:22:22.076 INFO [main] org.apache.catalina.startup.VersionLoggerListener.log JVM Vendor:            Oracle Corporation
09-Jul-2025 22:22:22.076 INFO [main] org.apache.catalina.startup.VersionLoggerListener.log CATALINA_BASE:         D:\java\Shopping-web\conf\Catalina
09-Jul-2025 22:22:22.077 INFO [main] org.apache.catalina.startup.VersionLoggerListener.log CATALINA_HOME:         C:\Program Files\Apache Software Foundation\Tomcat 11.0
09-Jul-2025 22:22:22.099 INFO [main] org.apache.catalina.startup.VersionLoggerListener.log Command line argument: --add-opens=java.base/java.lang=ALL-UNNAMED
09-Jul-2025 22:22:22.099 INFO [main] org.apache.catalina.startup.VersionLoggerListener.log Command line argument: --add-opens=java.base/java.io=ALL-UNNAMED
09-Jul-2025 22:22:22.100 INFO [main] org.apache.catalina.startup.VersionLoggerListener.log Command line argument: --add-opens=java.base/java.util=ALL-UNNAMED
09-Jul-2025 22:22:22.100 INFO [main] org.apache.catalina.startup.VersionLoggerListener.log Command line argument: --add-opens=java.base/java.util.concurrent=ALL-UNNAMED
09-Jul-2025 22:22:22.101 INFO [main] org.apache.catalina.startup.VersionLoggerListener.log Command line argument: --add-opens=java.rmi/sun.rmi.transport=ALL-UNNAMED
09-Jul-2025 22:22:22.101 INFO [main] org.apache.catalina.startup.VersionLoggerListener.log Command line argument: -Dcatalina.home=C:\Program Files\Apache Software Foundation\Tomcat 11.0
09-Jul-2025 22:22:22.101 INFO [main] org.apache.catalina.startup.VersionLoggerListener.log Command line argument: -Dcatalina.base=D:\java\Shopping-web\conf\Catalina
09-Jul-2025 22:22:22.101 INFO [main] org.apache.catalina.startup.VersionLoggerListener.log Command line argument: -Djava.io.tmpdir=D:\java\Shopping-web\conf\Catalina\temp
09-Jul-2025 22:22:22.101 INFO [main] org.apache.catalina.startup.VersionLoggerListener.log Command line argument: -Djava.util.logging.config.file=D:\java\Shopping-web\conf\Catalina\conf\logging.properties
09-Jul-2025 22:22:22.101 INFO [main] org.apache.catalina.startup.VersionLoggerListener.log Command line argument: -Djava.util.logging.manager=org.apache.juli.ClassLoaderLogManager
09-Jul-2025 22:22:22.102 INFO [main] org.apache.catalina.startup.VersionLoggerListener.log Command line argument: -javaagent:C:\Program Files\JetBrains\IntelliJ IDEA Community Edition 2024.3.2.2\lib\idea_rt.jar=50345
09-Jul-2025 22:22:22.102 INFO [main] org.apache.catalina.startup.VersionLoggerListener.log Command line argument: -Dfile.encoding=UTF-8
09-Jul-2025 22:22:22.102 INFO [main] org.apache.catalina.startup.VersionLoggerListener.log Command line argument: -Dsun.stdout.encoding=UTF-8
09-Jul-2025 22:22:22.102 INFO [main] org.apache.catalina.startup.VersionLoggerListener.log Command line argument: -Dsun.stderr.encoding=UTF-8
09-Jul-2025 22:22:22.114 INFO [main] org.apache.catalina.core.AprLifecycleListener.lifecycleEvent The Apache Tomcat Native library which allows using OpenSSL was not found on the java.library.path: [C:\Program Files\Java\jdk-23\bin;C:\WINDOWS\Sun\Java\bin;C:\WINDOWS\system32;C:\WINDOWS;C:\Program Files\Common Files\Oracle\Java\javapath;C:\WINDOWS\system32;C:\WINDOWS;C:\WINDOWS\System32\Wbem;C:\WINDOWS\System32\WindowsPowerShell\v1.0\;C:\WINDOWS\System32\OpenSSH\;C:\Program Files\Git\cmd;C:\Users\SMART\AppData\Local\Programs\Python\Python313\Scripts\;C:\Users\SMART\AppData\Local\Programs\Python\Python313\;C:\Users\SMART\AppData\Local\Microsoft\WindowsApps;C:\Users\SMART\AppData\Local\Programs\Microsoft VS Code\bin;C:\Program Files\Java\jdk-23\bin;;.]
09-Jul-2025 22:22:22.772 INFO [main] org.apache.coyote.AbstractProtocol.init Initializing ProtocolHandler ["http-nio-8080"]
09-Jul-2025 22:22:22.806 INFO [main] org.apache.catalina.startup.Catalina.load Server initialization in [1142] milliseconds
09-Jul-2025 22:22:22.947 INFO [main] org.apache.catalina.core.StandardService.startInternal Starting service [Catalina]
09-Jul-2025 22:22:22.947 INFO [main] org.apache.catalina.core.StandardEngine.startInternal Starting Servlet engine: [Apache Tomcat/11.0.9]
09-Jul-2025 22:22:22.976 INFO [main] org.apache.catalina.startup.HostConfig.deployDescriptor Deploying deployment descriptor [D:\java\Shopping-web\conf\Catalina\conf\Catalina\localhost\register.xml]
09-Jul-2025 22:22:24.808 INFO [main] org.apache.jasper.servlet.TldScanner.scanJars At least one JAR was scanned for TLDs yet contained no TLDs. Enable debug logging for this logger for a complete list of JARs that were scanned but no TLDs were found in them. Skipping unneeded JARs during scanning can improve startup time and JSP compilation time.
09-Jul-2025 22:22:25.002 INFO [main] org.apache.catalina.startup.HostConfig.deployDescriptor Deployment of deployment descriptor [D:\java\Shopping-web\conf\Catalina\conf\Catalina\localhost\register.xml] has finished in [2,026] ms
09-Jul-2025 22:22:25.008 INFO [main] org.apache.coyote.AbstractProtocol.start Starting ProtocolHandler ["http-nio-8080"]
09-Jul-2025 22:22:25.063 INFO [main] org.apache.catalina.startup.Catalina.start Server startup in [2253] milliseconds
09-Jul-2025 22:23:02.668 INFO [Thread-1] org.apache.coyote.AbstractProtocol.pause Pausing ProtocolHandler ["http-nio-8080"]
09-Jul-2025 22:23:02.695 INFO [Thread-1] org.apache.catalina.core.StandardService.stopInternal Stopping service [Catalina]
09-Jul-2025 22:23:02.733 INFO [Thread-1] org.apache.coyote.AbstractProtocol.stop Stopping ProtocolHandler ["http-nio-8080"]
09-Jul-2025 22:23:02.742 INFO [Thread-1] org.apache.coyote.AbstractProtocol.destroy Destroying ProtocolHandler ["http-nio-8080"]
09-Jul-2025 22:25:27.747 INFO [main] org.apache.catalina.startup.VersionLoggerListener.log Server version name:   Apache Tomcat/11.0.9
09-Jul-2025 22:25:27.758 INFO [main] org.apache.catalina.startup.VersionLoggerListener.log Server built:          Jul 1 2025 20:39:04 UTC
09-Jul-2025 22:25:27.759 INFO [main] org.apache.catalina.startup.VersionLoggerListener.log Server version number: 11.0.9.0
09-Jul-2025 22:25:27.761 INFO [main] org.apache.catalina.startup.VersionLoggerListener.log OS Name:               Windows 11
09-Jul-2025 22:25:27.762 INFO [main] org.apache.catalina.startup.VersionLoggerListener.log OS Version:            10.0
09-Jul-2025 22:25:27.763 INFO [main] org.apache.catalina.startup.VersionLoggerListener.log Architecture:          amd64
09-Jul-2025 22:25:27.763 INFO [main] org.apache.catalina.startup.VersionLoggerListener.log Java Home:             C:\Program Files\Java\jdk-23
09-Jul-2025 22:25:27.764 INFO [main] org.apache.catalina.startup.VersionLoggerListener.log JVM Version:           23.0.2+7-58
09-Jul-2025 22:25:27.765 INFO [main] org.apache.catalina.startup.VersionLoggerListener.log JVM Vendor:            Oracle Corporation
09-Jul-2025 22:25:27.767 INFO [main] org.apache.catalina.startup.VersionLoggerListener.log CATALINA_BASE:         D:\java\Shopping-web\conf\Catalina
09-Jul-2025 22:25:27.767 INFO [main] org.apache.catalina.startup.VersionLoggerListener.log CATALINA_HOME:         C:\Program Files\Apache Software Foundation\Tomcat 11.0
09-Jul-2025 22:25:27.788 INFO [main] org.apache.catalina.startup.VersionLoggerListener.log Command line argument: --add-opens=java.base/java.lang=ALL-UNNAMED
09-Jul-2025 22:25:27.789 INFO [main] org.apache.catalina.startup.VersionLoggerListener.log Command line argument: --add-opens=java.base/java.io=ALL-UNNAMED
09-Jul-2025 22:25:27.789 INFO [main] org.apache.catalina.startup.VersionLoggerListener.log Command line argument: --add-opens=java.base/java.util=ALL-UNNAMED
09-Jul-2025 22:25:27.789 INFO [main] org.apache.catalina.startup.VersionLoggerListener.log Command line argument: --add-opens=java.base/java.util.concurrent=ALL-UNNAMED
09-Jul-2025 22:25:27.791 INFO [main] org.apache.catalina.startup.VersionLoggerListener.log Command line argument: --add-opens=java.rmi/sun.rmi.transport=ALL-UNNAMED
09-Jul-2025 22:25:27.791 INFO [main] org.apache.catalina.startup.VersionLoggerListener.log Command line argument: -Dcatalina.home=C:\Program Files\Apache Software Foundation\Tomcat 11.0
09-Jul-2025 22:25:27.792 INFO [main] org.apache.catalina.startup.VersionLoggerListener.log Command line argument: -Dcatalina.base=D:\java\Shopping-web\conf\Catalina
09-Jul-2025 22:25:27.792 INFO [main] org.apache.catalina.startup.VersionLoggerListener.log Command line argument: -Djava.io.tmpdir=D:\java\Shopping-web\conf\Catalina\temp
09-Jul-2025 22:25:27.793 INFO [main] org.apache.catalina.startup.VersionLoggerListener.log Command line argument: -Djava.util.logging.config.file=D:\java\Shopping-web\conf\Catalina\conf\logging.properties
09-Jul-2025 22:25:27.793 INFO [main] org.apache.catalina.startup.VersionLoggerListener.log Command line argument: -Djava.util.logging.manager=org.apache.juli.ClassLoaderLogManager
09-Jul-2025 22:25:27.793 INFO [main] org.apache.catalina.startup.VersionLoggerListener.log Command line argument: -javaagent:C:\Program Files\JetBrains\IntelliJ IDEA Community Edition 2024.3.2.2\lib\idea_rt.jar=50386
09-Jul-2025 22:25:27.793 INFO [main] org.apache.catalina.startup.VersionLoggerListener.log Command line argument: -Dfile.encoding=UTF-8
09-Jul-2025 22:25:27.794 INFO [main] org.apache.catalina.startup.VersionLoggerListener.log Command line argument: -Dsun.stdout.encoding=UTF-8
09-Jul-2025 22:25:27.794 INFO [main] org.apache.catalina.startup.VersionLoggerListener.log Command line argument: -Dsun.stderr.encoding=UTF-8
09-Jul-2025 22:25:27.809 INFO [main] org.apache.catalina.core.AprLifecycleListener.lifecycleEvent The Apache Tomcat Native library which allows using OpenSSL was not found on the java.library.path: [C:\Program Files\Java\jdk-23\bin;C:\WINDOWS\Sun\Java\bin;C:\WINDOWS\system32;C:\WINDOWS;C:\Program Files\Common Files\Oracle\Java\javapath;C:\WINDOWS\system32;C:\WINDOWS;C:\WINDOWS\System32\Wbem;C:\WINDOWS\System32\WindowsPowerShell\v1.0\;C:\WINDOWS\System32\OpenSSH\;C:\Program Files\Git\cmd;C:\Users\SMART\AppData\Local\Programs\Python\Python313\Scripts\;C:\Users\SMART\AppData\Local\Programs\Python\Python313\;C:\Users\SMART\AppData\Local\Microsoft\WindowsApps;C:\Users\SMART\AppData\Local\Programs\Microsoft VS Code\bin;C:\Program Files\Java\jdk-23\bin;;.]
09-Jul-2025 22:25:28.511 INFO [main] org.apache.coyote.AbstractProtocol.init Initializing ProtocolHandler ["http-nio-8080"]
09-Jul-2025 22:25:28.545 INFO [main] org.apache.catalina.startup.Catalina.load Server initialization in [1212] milliseconds
09-Jul-2025 22:25:28.675 INFO [main] org.apache.catalina.core.StandardService.startInternal Starting service [Catalina]
09-Jul-2025 22:25:28.676 INFO [main] org.apache.catalina.core.StandardEngine.startInternal Starting Servlet engine: [Apache Tomcat/11.0.9]
09-Jul-2025 22:25:28.700 INFO [main] org.apache.catalina.startup.HostConfig.deployDescriptor Deploying deployment descriptor [D:\java\Shopping-web\conf\Catalina\conf\Catalina\localhost\Shopping-web.xml]
09-Jul-2025 22:25:30.573 INFO [main] org.apache.jasper.servlet.TldScanner.scanJars At least one JAR was scanned for TLDs yet contained no TLDs. Enable debug logging for this logger for a complete list of JARs that were scanned but no TLDs were found in them. Skipping unneeded JARs during scanning can improve startup time and JSP compilation time.
09-Jul-2025 22:25:30.747 INFO [main] org.apache.catalina.startup.HostConfig.deployDescriptor Deployment of deployment descriptor [D:\java\Shopping-web\conf\Catalina\conf\Catalina\localhost\Shopping-web.xml] has finished in [2,046] ms
09-Jul-2025 22:25:30.758 INFO [main] org.apache.coyote.AbstractProtocol.start Starting ProtocolHandler ["http-nio-8080"]
09-Jul-2025 22:25:30.863 INFO [main] org.apache.catalina.startup.Catalina.start Server startup in [2315] milliseconds
09-Jul-2025 22:31:38.900 INFO [Thread-1] org.apache.coyote.AbstractProtocol.pause Pausing ProtocolHandler ["http-nio-8080"]
09-Jul-2025 22:31:38.963 INFO [Thread-1] org.apache.catalina.core.StandardService.stopInternal Stopping service [Catalina]
09-Jul-2025 22:31:39.011 INFO [Thread-1] org.apache.coyote.AbstractProtocol.stop Stopping ProtocolHandler ["http-nio-8080"]
09-Jul-2025 22:31:39.040 INFO [Thread-1] org.apache.coyote.AbstractProtocol.destroy Destroying ProtocolHandler ["http-nio-8080"]
09-Jul-2025 22:31:44.183 INFO [main] org.apache.catalina.startup.VersionLoggerListener.log Server version name:   Apache Tomcat/11.0.9
09-Jul-2025 22:31:44.191 INFO [main] org.apache.catalina.startup.VersionLoggerListener.log Server built:          Jul 1 2025 20:39:04 UTC
09-Jul-2025 22:31:44.192 INFO [main] org.apache.catalina.startup.VersionLoggerListener.log Server version number: 11.0.9.0
09-Jul-2025 22:31:44.192 INFO [main] org.apache.catalina.startup.VersionLoggerListener.log OS Name:               Windows 11
09-Jul-2025 22:31:44.194 INFO [main] org.apache.catalina.startup.VersionLoggerListener.log OS Version:            10.0
09-Jul-2025 22:31:44.194 INFO [main] org.apache.catalina.startup.VersionLoggerListener.log Architecture:          amd64
09-Jul-2025 22:31:44.195 INFO [main] org.apache.catalina.startup.VersionLoggerListener.log Java Home:             C:\Program Files\Java\jdk-23
09-Jul-2025 22:31:44.195 INFO [main] org.apache.catalina.startup.VersionLoggerListener.log JVM Version:           23.0.2+7-58
09-Jul-2025 22:31:44.196 INFO [main] org.apache.catalina.startup.VersionLoggerListener.log JVM Vendor:            Oracle Corporation
09-Jul-2025 22:31:44.196 INFO [main] org.apache.catalina.startup.VersionLoggerListener.log CATALINA_BASE:         D:\java\Shopping-web\conf\Catalina
09-Jul-2025 22:31:44.197 INFO [main] org.apache.catalina.startup.VersionLoggerListener.log CATALINA_HOME:         C:\Program Files\Apache Software Foundation\Tomcat 11.0
09-Jul-2025 22:31:44.213 INFO [main] org.apache.catalina.startup.VersionLoggerListener.log Command line argument: --add-opens=java.base/java.lang=ALL-UNNAMED
09-Jul-2025 22:31:44.214 INFO [main] org.apache.catalina.startup.VersionLoggerListener.log Command line argument: --add-opens=java.base/java.io=ALL-UNNAMED
09-Jul-2025 22:31:44.214 INFO [main] org.apache.catalina.startup.VersionLoggerListener.log Command line argument: --add-opens=java.base/java.util=ALL-UNNAMED
09-Jul-2025 22:31:44.214 INFO [main] org.apache.catalina.startup.VersionLoggerListener.log Command line argument: --add-opens=java.base/java.util.concurrent=ALL-UNNAMED
09-Jul-2025 22:31:44.214 INFO [main] org.apache.catalina.startup.VersionLoggerListener.log Command line argument: --add-opens=java.rmi/sun.rmi.transport=ALL-UNNAMED
09-Jul-2025 22:31:44.214 INFO [main] org.apache.catalina.startup.VersionLoggerListener.log Command line argument: -Dcatalina.home=C:\Program Files\Apache Software Foundation\Tomcat 11.0
09-Jul-2025 22:31:44.215 INFO [main] org.apache.catalina.startup.VersionLoggerListener.log Command line argument: -Dcatalina.base=D:\java\Shopping-web\conf\Catalina
09-Jul-2025 22:31:44.215 INFO [main] org.apache.catalina.startup.VersionLoggerListener.log Command line argument: -Djava.io.tmpdir=D:\java\Shopping-web\conf\Catalina\temp
09-Jul-2025 22:31:44.215 INFO [main] org.apache.catalina.startup.VersionLoggerListener.log Command line argument: -Djava.util.logging.config.file=D:\java\Shopping-web\conf\Catalina\conf\logging.properties
09-Jul-2025 22:31:44.215 INFO [main] org.apache.catalina.startup.VersionLoggerListener.log Command line argument: -Djava.util.logging.manager=org.apache.juli.ClassLoaderLogManager
09-Jul-2025 22:31:44.216 INFO [main] org.apache.catalina.startup.VersionLoggerListener.log Command line argument: -javaagent:C:\Program Files\JetBrains\IntelliJ IDEA Community Edition 2024.3.2.2\lib\idea_rt.jar=50550
09-Jul-2025 22:31:44.216 INFO [main] org.apache.catalina.startup.VersionLoggerListener.log Command line argument: -Dfile.encoding=UTF-8
09-Jul-2025 22:31:44.216 INFO [main] org.apache.catalina.startup.VersionLoggerListener.log Command line argument: -Dsun.stdout.encoding=UTF-8
09-Jul-2025 22:31:44.216 INFO [main] org.apache.catalina.startup.VersionLoggerListener.log Command line argument: -Dsun.stderr.encoding=UTF-8
09-Jul-2025 22:31:44.230 INFO [main] org.apache.catalina.core.AprLifecycleListener.lifecycleEvent The Apache Tomcat Native library which allows using OpenSSL was not found on the java.library.path: [C:\Program Files\Java\jdk-23\bin;C:\WINDOWS\Sun\Java\bin;C:\WINDOWS\system32;C:\WINDOWS;C:\Program Files\Common Files\Oracle\Java\javapath;C:\WINDOWS\system32;C:\WINDOWS;C:\WINDOWS\System32\Wbem;C:\WINDOWS\System32\WindowsPowerShell\v1.0\;C:\WINDOWS\System32\OpenSSH\;C:\Program Files\Git\cmd;C:\Users\SMART\AppData\Local\Programs\Python\Python313\Scripts\;C:\Users\SMART\AppData\Local\Programs\Python\Python313\;C:\Users\SMART\AppData\Local\Microsoft\WindowsApps;C:\Users\SMART\AppData\Local\Programs\Microsoft VS Code\bin;C:\Program Files\Java\jdk-23\bin;;.]
09-Jul-2025 22:31:44.907 INFO [main] org.apache.coyote.AbstractProtocol.init Initializing ProtocolHandler ["http-nio-8080"]
09-Jul-2025 22:31:44.946 INFO [main] org.apache.catalina.startup.Catalina.load Server initialization in [1173] milliseconds
09-Jul-2025 22:31:45.072 INFO [main] org.apache.catalina.core.StandardService.startInternal Starting service [Catalina]
09-Jul-2025 22:31:45.072 INFO [main] org.apache.catalina.core.StandardEngine.startInternal Starting Servlet engine: [Apache Tomcat/11.0.9]
09-Jul-2025 22:31:45.097 INFO [main] org.apache.catalina.startup.HostConfig.deployDescriptor Deploying deployment descriptor [D:\java\Shopping-web\conf\Catalina\conf\Catalina\localhost\Shopping-web.xml]
09-Jul-2025 22:31:47.228 INFO [main] org.apache.jasper.servlet.TldScanner.scanJars At least one JAR was scanned for TLDs yet contained no TLDs. Enable debug logging for this logger for a complete list of JARs that were scanned but no TLDs were found in them. Skipping unneeded JARs during scanning can improve startup time and JSP compilation time.
09-Jul-2025 22:31:47.380 INFO [main] org.apache.catalina.startup.HostConfig.deployDescriptor Deployment of deployment descriptor [D:\java\Shopping-web\conf\Catalina\conf\Catalina\localhost\Shopping-web.xml] has finished in [2,282] ms
09-Jul-2025 22:31:47.386 INFO [main] org.apache.coyote.AbstractProtocol.start Starting ProtocolHandler ["http-nio-8080"]
09-Jul-2025 22:31:47.434 INFO [main] org.apache.catalina.startup.Catalina.start Server startup in [2485] milliseconds
09-Jul-2025 22:32:19.520 INFO [Thread-1] org.apache.coyote.AbstractProtocol.pause Pausing ProtocolHandler ["http-nio-8080"]
09-Jul-2025 22:32:19.571 INFO [Thread-1] org.apache.catalina.core.StandardService.stopInternal Stopping service [Catalina]
09-Jul-2025 22:32:19.619 INFO [Thread-1] org.apache.coyote.AbstractProtocol.stop Stopping ProtocolHandler ["http-nio-8080"]
09-Jul-2025 22:32:19.646 INFO [Thread-1] org.apache.coyote.AbstractProtocol.destroy Destroying ProtocolHandler ["http-nio-8080"]
09-Jul-2025 22:38:47.472 INFO [main] org.apache.catalina.startup.VersionLoggerListener.log Server version name:   Apache Tomcat/11.0.9
09-Jul-2025 22:38:47.481 INFO [main] org.apache.catalina.startup.VersionLoggerListener.log Server built:          Jul 1 2025 20:39:04 UTC
09-Jul-2025 22:38:47.481 INFO [main] org.apache.catalina.startup.VersionLoggerListener.log Server version number: 11.0.9.0
09-Jul-2025 22:38:47.483 INFO [main] org.apache.catalina.startup.VersionLoggerListener.log OS Name:               Windows 11
09-Jul-2025 22:38:47.484 INFO [main] org.apache.catalina.startup.VersionLoggerListener.log OS Version:            10.0
09-Jul-2025 22:38:47.485 INFO [main] org.apache.catalina.startup.VersionLoggerListener.log Architecture:          amd64
09-Jul-2025 22:38:47.487 INFO [main] org.apache.catalina.startup.VersionLoggerListener.log Java Home:             C:\Program Files\Java\jdk-23
09-Jul-2025 22:38:47.487 INFO [main] org.apache.catalina.startup.VersionLoggerListener.log JVM Version:           23.0.2+7-58
09-Jul-2025 22:38:47.488 INFO [main] org.apache.catalina.startup.VersionLoggerListener.log JVM Vendor:            Oracle Corporation
09-Jul-2025 22:38:47.489 INFO [main] org.apache.catalina.startup.VersionLoggerListener.log CATALINA_BASE:         D:\java\Shopping-web\conf\Catalina
09-Jul-2025 22:38:47.490 INFO [main] org.apache.catalina.startup.VersionLoggerListener.log CATALINA_HOME:         C:\Program Files\Apache Software Foundation\Tomcat 11.0
09-Jul-2025 22:38:47.511 INFO [main] org.apache.catalina.startup.VersionLoggerListener.log Command line argument: --add-opens=java.base/java.lang=ALL-UNNAMED
09-Jul-2025 22:38:47.511 INFO [main] org.apache.catalina.startup.VersionLoggerListener.log Command line argument: --add-opens=java.base/java.io=ALL-UNNAMED
09-Jul-2025 22:38:47.512 INFO [main] org.apache.catalina.startup.VersionLoggerListener.log Command line argument: --add-opens=java.base/java.util=ALL-UNNAMED
09-Jul-2025 22:38:47.512 INFO [main] org.apache.catalina.startup.VersionLoggerListener.log Command line argument: --add-opens=java.base/java.util.concurrent=ALL-UNNAMED
09-Jul-2025 22:38:47.512 INFO [main] org.apache.catalina.startup.VersionLoggerListener.log Command line argument: --add-opens=java.rmi/sun.rmi.transport=ALL-UNNAMED
09-Jul-2025 22:38:47.512 INFO [main] org.apache.catalina.startup.VersionLoggerListener.log Command line argument: -Dcatalina.home=C:\Program Files\Apache Software Foundation\Tomcat 11.0
09-Jul-2025 22:38:47.513 INFO [main] org.apache.catalina.startup.VersionLoggerListener.log Command line argument: -Dcatalina.base=D:\java\Shopping-web\conf\Catalina
09-Jul-2025 22:38:47.513 INFO [main] org.apache.catalina.startup.VersionLoggerListener.log Command line argument: -Djava.io.tmpdir=D:\java\Shopping-web\conf\Catalina\temp
09-Jul-2025 22:38:47.513 INFO [main] org.apache.catalina.startup.VersionLoggerListener.log Command line argument: -Djava.util.logging.config.file=D:\java\Shopping-web\conf\Catalina\conf\logging.properties
09-Jul-2025 22:38:47.514 INFO [main] org.apache.catalina.startup.VersionLoggerListener.log Command line argument: -Djava.util.logging.manager=org.apache.juli.ClassLoaderLogManager
09-Jul-2025 22:38:47.514 INFO [main] org.apache.catalina.startup.VersionLoggerListener.log Command line argument: -javaagent:C:\Program Files\JetBrains\IntelliJ IDEA Community Edition 2024.3.2.2\lib\idea_rt.jar=50678
09-Jul-2025 22:38:47.514 INFO [main] org.apache.catalina.startup.VersionLoggerListener.log Command line argument: -Dfile.encoding=UTF-8
09-Jul-2025 22:38:47.514 INFO [main] org.apache.catalina.startup.VersionLoggerListener.log Command line argument: -Dsun.stdout.encoding=UTF-8
09-Jul-2025 22:38:47.514 INFO [main] org.apache.catalina.startup.VersionLoggerListener.log Command line argument: -Dsun.stderr.encoding=UTF-8
09-Jul-2025 22:38:47.528 INFO [main] org.apache.catalina.core.AprLifecycleListener.lifecycleEvent The Apache Tomcat Native library which allows using OpenSSL was not found on the java.library.path: [C:\Program Files\Java\jdk-23\bin;C:\WINDOWS\Sun\Java\bin;C:\WINDOWS\system32;C:\WINDOWS;C:\Program Files\Common Files\Oracle\Java\javapath;C:\WINDOWS\system32;C:\WINDOWS;C:\WINDOWS\System32\Wbem;C:\WINDOWS\System32\WindowsPowerShell\v1.0\;C:\WINDOWS\System32\OpenSSH\;C:\Program Files\Git\cmd;C:\Users\SMART\AppData\Local\Programs\Python\Python313\Scripts\;C:\Users\SMART\AppData\Local\Programs\Python\Python313\;C:\Users\SMART\AppData\Local\Microsoft\WindowsApps;C:\Users\SMART\AppData\Local\Programs\Microsoft VS Code\bin;C:\Program Files\Java\jdk-23\bin;;.]
09-Jul-2025 22:38:48.243 INFO [main] org.apache.coyote.AbstractProtocol.init Initializing ProtocolHandler ["http-nio-8080"]
09-Jul-2025 22:38:48.277 INFO [main] org.apache.catalina.startup.Catalina.load Server initialization in [1214] milliseconds
09-Jul-2025 22:38:48.404 INFO [main] org.apache.catalina.core.StandardService.startInternal Starting service [Catalina]
09-Jul-2025 22:38:48.404 INFO [main] org.apache.catalina.core.StandardEngine.startInternal Starting Servlet engine: [Apache Tomcat/11.0.9]
09-Jul-2025 22:38:48.424 INFO [main] org.apache.catalina.startup.HostConfig.deployDescriptor Deploying deployment descriptor [D:\java\Shopping-web\conf\Catalina\conf\Catalina\localhost\Shopping-web.xml]
09-Jul-2025 22:38:50.649 INFO [main] org.apache.jasper.servlet.TldScanner.scanJars At least one JAR was scanned for TLDs yet contained no TLDs. Enable debug logging for this logger for a complete list of JARs that were scanned but no TLDs were found in them. Skipping unneeded JARs during scanning can improve startup time and JSP compilation time.
09-Jul-2025 22:38:50.884 INFO [main] org.apache.catalina.startup.HostConfig.deployDescriptor Deployment of deployment descriptor [D:\java\Shopping-web\conf\Catalina\conf\Catalina\localhost\Shopping-web.xml] has finished in [2,459] ms
09-Jul-2025 22:38:50.895 INFO [main] org.apache.coyote.AbstractProtocol.start Starting ProtocolHandler ["http-nio-8080"]
09-Jul-2025 22:38:50.953 INFO [main] org.apache.catalina.startup.Catalina.start Server startup in [2673] milliseconds
09-Jul-2025 22:44:14.962 INFO [Thread-1] org.apache.coyote.AbstractProtocol.pause Pausing ProtocolHandler ["http-nio-8080"]
09-Jul-2025 22:44:15.012 INFO [Thread-1] org.apache.catalina.core.StandardService.stopInternal Stopping service [Catalina]
09-Jul-2025 22:44:15.060 INFO [Thread-1] org.apache.coyote.AbstractProtocol.stop Stopping ProtocolHandler ["http-nio-8080"]
09-Jul-2025 22:44:15.074 INFO [Thread-1] org.apache.coyote.AbstractProtocol.destroy Destroying ProtocolHandler ["http-nio-8080"]
09-Jul-2025 22:44:22.116 INFO [main] org.apache.catalina.startup.VersionLoggerListener.log Server version name:   Apache Tomcat/11.0.9
09-Jul-2025 22:44:22.126 INFO [main] org.apache.catalina.startup.VersionLoggerListener.log Server built:          Jul 1 2025 20:39:04 UTC
09-Jul-2025 22:44:22.128 INFO [main] org.apache.catalina.startup.VersionLoggerListener.log Server version number: 11.0.9.0
09-Jul-2025 22:44:22.129 INFO [main] org.apache.catalina.startup.VersionLoggerListener.log OS Name:               Windows 11
09-Jul-2025 22:44:22.130 INFO [main] org.apache.catalina.startup.VersionLoggerListener.log OS Version:            10.0
09-Jul-2025 22:44:22.130 INFO [main] org.apache.catalina.startup.VersionLoggerListener.log Architecture:          amd64
09-Jul-2025 22:44:22.130 INFO [main] org.apache.catalina.startup.VersionLoggerListener.log Java Home:             C:\Program Files\Java\jdk-23
09-Jul-2025 22:44:22.130 INFO [main] org.apache.catalina.startup.VersionLoggerListener.log JVM Version:           23.0.2+7-58
09-Jul-2025 22:44:22.131 INFO [main] org.apache.catalina.startup.VersionLoggerListener.log JVM Vendor:            Oracle Corporation
09-Jul-2025 22:44:22.131 INFO [main] org.apache.catalina.startup.VersionLoggerListener.log CATALINA_BASE:         D:\java\Shopping-web\conf\Catalina
09-Jul-2025 22:44:22.132 INFO [main] org.apache.catalina.startup.VersionLoggerListener.log CATALINA_HOME:         C:\Program Files\Apache Software Foundation\Tomcat 11.0
09-Jul-2025 22:44:22.154 INFO [main] org.apache.catalina.startup.VersionLoggerListener.log Command line argument: --add-opens=java.base/java.lang=ALL-UNNAMED
09-Jul-2025 22:44:22.154 INFO [main] org.apache.catalina.startup.VersionLoggerListener.log Command line argument: --add-opens=java.base/java.io=ALL-UNNAMED
09-Jul-2025 22:44:22.155 INFO [main] org.apache.catalina.startup.VersionLoggerListener.log Command line argument: --add-opens=java.base/java.util=ALL-UNNAMED
09-Jul-2025 22:44:22.155 INFO [main] org.apache.catalina.startup.VersionLoggerListener.log Command line argument: --add-opens=java.base/java.util.concurrent=ALL-UNNAMED
09-Jul-2025 22:44:22.155 INFO [main] org.apache.catalina.startup.VersionLoggerListener.log Command line argument: --add-opens=java.rmi/sun.rmi.transport=ALL-UNNAMED
09-Jul-2025 22:44:22.155 INFO [main] org.apache.catalina.startup.VersionLoggerListener.log Command line argument: -Dcatalina.home=C:\Program Files\Apache Software Foundation\Tomcat 11.0
09-Jul-2025 22:44:22.156 INFO [main] org.apache.catalina.startup.VersionLoggerListener.log Command line argument: -Dcatalina.base=D:\java\Shopping-web\conf\Catalina
09-Jul-2025 22:44:22.156 INFO [main] org.apache.catalina.startup.VersionLoggerListener.log Command line argument: -Djava.io.tmpdir=D:\java\Shopping-web\conf\Catalina\temp
09-Jul-2025 22:44:22.156 INFO [main] org.apache.catalina.startup.VersionLoggerListener.log Command line argument: -Djava.util.logging.config.file=D:\java\Shopping-web\conf\Catalina\conf\logging.properties
09-Jul-2025 22:44:22.157 INFO [main] org.apache.catalina.startup.VersionLoggerListener.log Command line argument: -Djava.util.logging.manager=org.apache.juli.ClassLoaderLogManager
09-Jul-2025 22:44:22.157 INFO [main] org.apache.catalina.startup.VersionLoggerListener.log Command line argument: -javaagent:C:\Program Files\JetBrains\IntelliJ IDEA Community Edition 2024.3.2.2\lib\idea_rt.jar=50759
09-Jul-2025 22:44:22.157 INFO [main] org.apache.catalina.startup.VersionLoggerListener.log Command line argument: -Dfile.encoding=UTF-8
09-Jul-2025 22:44:22.157 INFO [main] org.apache.catalina.startup.VersionLoggerListener.log Command line argument: -Dsun.stdout.encoding=UTF-8
09-Jul-2025 22:44:22.157 INFO [main] org.apache.catalina.startup.VersionLoggerListener.log Command line argument: -Dsun.stderr.encoding=UTF-8
09-Jul-2025 22:44:22.173 INFO [main] org.apache.catalina.core.AprLifecycleListener.lifecycleEvent The Apache Tomcat Native library which allows using OpenSSL was not found on the java.library.path: [C:\Program Files\Java\jdk-23\bin;C:\WINDOWS\Sun\Java\bin;C:\WINDOWS\system32;C:\WINDOWS;C:\Program Files\Common Files\Oracle\Java\javapath;C:\WINDOWS\system32;C:\WINDOWS;C:\WINDOWS\System32\Wbem;C:\WINDOWS\System32\WindowsPowerShell\v1.0\;C:\WINDOWS\System32\OpenSSH\;C:\Program Files\Git\cmd;C:\Users\SMART\AppData\Local\Programs\Python\Python313\Scripts\;C:\Users\SMART\AppData\Local\Programs\Python\Python313\;C:\Users\SMART\AppData\Local\Microsoft\WindowsApps;C:\Users\SMART\AppData\Local\Programs\Microsoft VS Code\bin;C:\Program Files\Java\jdk-23\bin;;.]
09-Jul-2025 22:44:22.951 INFO [main] org.apache.coyote.AbstractProtocol.init Initializing ProtocolHandler ["http-nio-8080"]
09-Jul-2025 22:44:22.993 INFO [main] org.apache.catalina.startup.Catalina.load Server initialization in [1313] milliseconds
09-Jul-2025 22:44:23.127 INFO [main] org.apache.catalina.core.StandardService.startInternal Starting service [Catalina]
09-Jul-2025 22:44:23.128 INFO [main] org.apache.catalina.core.StandardEngine.startInternal Starting Servlet engine: [Apache Tomcat/11.0.9]
09-Jul-2025 22:44:23.153 INFO [main] org.apache.catalina.startup.HostConfig.deployDescriptor Deploying deployment descriptor [D:\java\Shopping-web\conf\Catalina\conf\Catalina\localhost\Shopping-web.xml]
09-Jul-2025 22:44:25.686 INFO [main] org.apache.jasper.servlet.TldScanner.scanJars At least one JAR was scanned for TLDs yet contained no TLDs. Enable debug logging for this logger for a complete list of JARs that were scanned but no TLDs were found in them. Skipping unneeded JARs during scanning can improve startup time and JSP compilation time.
09-Jul-2025 22:44:25.881 INFO [main] org.apache.catalina.startup.HostConfig.deployDescriptor Deployment of deployment descriptor [D:\java\Shopping-web\conf\Catalina\conf\Catalina\localhost\Shopping-web.xml] has finished in [2,728] ms
09-Jul-2025 22:44:25.889 INFO [main] org.apache.coyote.AbstractProtocol.start Starting ProtocolHandler ["http-nio-8080"]
09-Jul-2025 22:44:25.952 INFO [main] org.apache.catalina.startup.Catalina.start Server startup in [2956] milliseconds
09-Jul-2025 22:44:58.538 INFO [Thread-1] org.apache.coyote.AbstractProtocol.pause Pausing ProtocolHandler ["http-nio-8080"]
09-Jul-2025 22:44:58.563 INFO [Thread-1] org.apache.catalina.core.StandardService.stopInternal Stopping service [Catalina]
09-Jul-2025 22:44:58.586 INFO [Thread-1] org.apache.coyote.AbstractProtocol.stop Stopping ProtocolHandler ["http-nio-8080"]
09-Jul-2025 22:44:58.599 INFO [Thread-1] org.apache.coyote.AbstractProtocol.destroy Destroying ProtocolHandler ["http-nio-8080"]
09-Jul-2025 22:50:07.587 INFO [main] org.apache.catalina.startup.VersionLoggerListener.log Server version name:   Apache Tomcat/11.0.9
09-Jul-2025 22:50:07.596 INFO [main] org.apache.catalina.startup.VersionLoggerListener.log Server built:          Jul 1 2025 20:39:04 UTC
09-Jul-2025 22:50:07.596 INFO [main] org.apache.catalina.startup.VersionLoggerListener.log Server version number: 11.0.9.0
09-Jul-2025 22:50:07.596 INFO [main] org.apache.catalina.startup.VersionLoggerListener.log OS Name:               Windows 11
09-Jul-2025 22:50:07.597 INFO [main] org.apache.catalina.startup.VersionLoggerListener.log OS Version:            10.0
09-Jul-2025 22:50:07.597 INFO [main] org.apache.catalina.startup.VersionLoggerListener.log Architecture:          amd64
09-Jul-2025 22:50:07.598 INFO [main] org.apache.catalina.startup.VersionLoggerListener.log Java Home:             C:\Program Files\Java\jdk-23
09-Jul-2025 22:50:07.598 INFO [main] org.apache.catalina.startup.VersionLoggerListener.log JVM Version:           23.0.2+7-58
09-Jul-2025 22:50:07.599 INFO [main] org.apache.catalina.startup.VersionLoggerListener.log JVM Vendor:            Oracle Corporation
09-Jul-2025 22:50:07.599 INFO [main] org.apache.catalina.startup.VersionLoggerListener.log CATALINA_BASE:         D:\java\Shopping-web\conf\Catalina
09-Jul-2025 22:50:07.601 INFO [main] org.apache.catalina.startup.VersionLoggerListener.log CATALINA_HOME:         C:\Program Files\Apache Software Foundation\Tomcat 11.0
09-Jul-2025 22:50:07.619 INFO [main] org.apache.catalina.startup.VersionLoggerListener.log Command line argument: --add-opens=java.base/java.lang=ALL-UNNAMED
09-Jul-2025 22:50:07.619 INFO [main] org.apache.catalina.startup.VersionLoggerListener.log Command line argument: --add-opens=java.base/java.io=ALL-UNNAMED
09-Jul-2025 22:50:07.620 INFO [main] org.apache.catalina.startup.VersionLoggerListener.log Command line argument: --add-opens=java.base/java.util=ALL-UNNAMED
09-Jul-2025 22:50:07.620 INFO [main] org.apache.catalina.startup.VersionLoggerListener.log Command line argument: --add-opens=java.base/java.util.concurrent=ALL-UNNAMED
09-Jul-2025 22:50:07.620 INFO [main] org.apache.catalina.startup.VersionLoggerListener.log Command line argument: --add-opens=java.rmi/sun.rmi.transport=ALL-UNNAMED
09-Jul-2025 22:50:07.620 INFO [main] org.apache.catalina.startup.VersionLoggerListener.log Command line argument: -Dcatalina.home=C:\Program Files\Apache Software Foundation\Tomcat 11.0
09-Jul-2025 22:50:07.620 INFO [main] org.apache.catalina.startup.VersionLoggerListener.log Command line argument: -Dcatalina.base=D:\java\Shopping-web\conf\Catalina
09-Jul-2025 22:50:07.621 INFO [main] org.apache.catalina.startup.VersionLoggerListener.log Command line argument: -Djava.io.tmpdir=D:\java\Shopping-web\conf\Catalina\temp
09-Jul-2025 22:50:07.621 INFO [main] org.apache.catalina.startup.VersionLoggerListener.log Command line argument: -Djava.util.logging.config.file=D:\java\Shopping-web\conf\Catalina\conf\logging.properties
09-Jul-2025 22:50:07.621 INFO [main] org.apache.catalina.startup.VersionLoggerListener.log Command line argument: -Djava.util.logging.manager=org.apache.juli.ClassLoaderLogManager
09-Jul-2025 22:50:07.621 INFO [main] org.apache.catalina.startup.VersionLoggerListener.log Command line argument: -javaagent:C:\Program Files\JetBrains\IntelliJ IDEA Community Edition 2024.3.2.2\lib\idea_rt.jar=50871
09-Jul-2025 22:50:07.621 INFO [main] org.apache.catalina.startup.VersionLoggerListener.log Command line argument: -Dfile.encoding=UTF-8
09-Jul-2025 22:50:07.621 INFO [main] org.apache.catalina.startup.VersionLoggerListener.log Command line argument: -Dsun.stdout.encoding=UTF-8
09-Jul-2025 22:50:07.622 INFO [main] org.apache.catalina.startup.VersionLoggerListener.log Command line argument: -Dsun.stderr.encoding=UTF-8
09-Jul-2025 22:50:07.636 INFO [main] org.apache.catalina.core.AprLifecycleListener.lifecycleEvent The Apache Tomcat Native library which allows using OpenSSL was not found on the java.library.path: [C:\Program Files\Java\jdk-23\bin;C:\WINDOWS\Sun\Java\bin;C:\WINDOWS\system32;C:\WINDOWS;C:\Program Files\Common Files\Oracle\Java\javapath;C:\WINDOWS\system32;C:\WINDOWS;C:\WINDOWS\System32\Wbem;C:\WINDOWS\System32\WindowsPowerShell\v1.0\;C:\WINDOWS\System32\OpenSSH\;C:\Program Files\Git\cmd;C:\Users\SMART\AppData\Local\Programs\Python\Python313\Scripts\;C:\Users\SMART\AppData\Local\Programs\Python\Python313\;C:\Users\SMART\AppData\Local\Microsoft\WindowsApps;C:\Users\SMART\AppData\Local\Programs\Microsoft VS Code\bin;C:\Program Files\Java\jdk-23\bin;;.]
09-Jul-2025 22:50:08.347 INFO [main] org.apache.coyote.AbstractProtocol.init Initializing ProtocolHandler ["http-nio-8080"]
09-Jul-2025 22:50:08.387 INFO [main] org.apache.catalina.startup.Catalina.load Server initialization in [1179] milliseconds
09-Jul-2025 22:50:08.527 INFO [main] org.apache.catalina.core.StandardService.startInternal Starting service [Catalina]
09-Jul-2025 22:50:08.527 INFO [main] org.apache.catalina.core.StandardEngine.startInternal Starting Servlet engine: [Apache Tomcat/11.0.9]
09-Jul-2025 22:50:08.551 INFO [main] org.apache.catalina.startup.HostConfig.deployDescriptor Deploying deployment descriptor [D:\java\Shopping-web\conf\Catalina\conf\Catalina\localhost\Shopping-web.xml]
09-Jul-2025 22:50:10.840 INFO [main] org.apache.jasper.servlet.TldScanner.scanJars At least one JAR was scanned for TLDs yet contained no TLDs. Enable debug logging for this logger for a complete list of JARs that were scanned but no TLDs were found in them. Skipping unneeded JARs during scanning can improve startup time and JSP compilation time.
09-Jul-2025 22:50:11.066 INFO [main] org.apache.catalina.startup.HostConfig.deployDescriptor Deployment of deployment descriptor [D:\java\Shopping-web\conf\Catalina\conf\Catalina\localhost\Shopping-web.xml] has finished in [2,516] ms
09-Jul-2025 22:50:11.074 INFO [main] org.apache.coyote.AbstractProtocol.start Starting ProtocolHandler ["http-nio-8080"]
09-Jul-2025 22:50:11.131 INFO [main] org.apache.catalina.startup.Catalina.start Server startup in [2742] milliseconds
09-Jul-2025 22:50:24.819 INFO [Thread-1] org.apache.coyote.AbstractProtocol.pause Pausing ProtocolHandler ["http-nio-8080"]
09-Jul-2025 22:50:24.828 INFO [Thread-1] org.apache.catalina.core.StandardService.stopInternal Stopping service [Catalina]
09-Jul-2025 22:50:24.844 INFO [Thread-1] org.apache.coyote.AbstractProtocol.stop Stopping ProtocolHandler ["http-nio-8080"]
09-Jul-2025 22:50:24.857 INFO [Thread-1] org.apache.coyote.AbstractProtocol.destroy Destroying ProtocolHandler ["http-nio-8080"]
